6cad0f33-b1bd-3a3e-1a8d-c4af23adfcbf
OK
2
1 0
4
2 1 0 3
